[0m16:59:31.622993 [debug] [MainThread]: Got an exception trying to initialize tracking


============================== 16:59:32.156197 | e1c981ca-ddbf-4b87-9154-8710a021a242 ==============================
[0m16:59:32.156197 [info ] [MainThread]: Running with dbt=1.12.5
[0m16:59:32.158210 [debug] [MainThread]: running dbt with arguments {'version_check': 'True', 'no_print': 'None', 'static_parser': 'True', 'target_path': 'None', 'warn_error_options': 'WarnErrorOptionsV2(error=[], warn=[], silence=[])', 'maximum_seed_size_mib': '1', 'printer_width': '80', 'write_json': 'True', 'introspect': 'True', 'log_cache_events': 'False', 'empty': 'None', 'cache_selected_only': 'False', 'log_format': 'default', 'debug': 'False', 'fail_fast': 'False', 'partial_parse': 'True', 'send_anonymous_usage_stats': 'True', 'quiet': 'False', 'warn_error': 'None', 'profiles_dir': 'C:\\Users\\deend\\.dbt', 'invocation_command': 'dbt init', 'hints_enabled': 'True', 'indirect_selection': 'eager', 'use_experimental_parser': 'False', 'use_colors': 'True', 'log_path': 'logs'}
[0m17:00:13.573908 [debug] [MainThread]: Starter project path: D:\projects\Walmart_Analytics\.venv\Lib\site-packages\dbt\include\starter_project
[0m17:00:13.644565 [info ] [MainThread]: Setting up your profile.
[0m17:00:32.028607 [debug] [MainThread]: Spark adapter: Setting pyhive.hive logging to ERROR
[0m17:00:32.028607 [debug] [MainThread]: Spark adapter: Setting thrift.transport logging to ERROR
[0m17:00:32.028607 [debug] [MainThread]: Spark adapter: Setting thrift.protocol logging to ERROR
[0m17:03:35.352474 [info ] [MainThread]: Profile dbt_walmart written to C:\Users\deend\.dbt\profiles.yml using target's profile_template.yml and your supplied values.
[0m17:03:35.477767 [info ] [MainThread]: Running dbt debug to validate the project...
[0m17:03:35.486770 [info ] [MainThread]: dbt version: 1.12.5
[0m17:03:35.487872 [info ] [MainThread]: python version: 3.12.12
[0m17:03:35.487872 [info ] [MainThread]: python path: D:\projects\Walmart_Analytics\.venv\Scripts\python.exe
[0m17:03:35.489383 [info ] [MainThread]: os info: Windows-11-10.0.26200-SP0
[0m17:03:35.661476 [info ] [MainThread]: Using profiles dir at C:\Users\deend\.dbt
[0m17:03:35.664482 [info ] [MainThread]: Using profiles.yml file at C:\Users\deend\.dbt\profiles.yml
[0m17:03:35.664482 [info ] [MainThread]: Using dbt_project.yml file at D:\projects\Walmart_Analytics\dbt_walmart\dbt_project.yml
[0m17:03:35.666539 [info ] [MainThread]: adapter type: databricks
[0m17:03:35.666539 [info ] [MainThread]: adapter version: 1.10.9
[0m17:03:36.006567 [info ] [MainThread]: Configuration:
[0m17:03:36.006567 [info ] [MainThread]:   profiles.yml file [[32mOK found and valid[0m]
[0m17:03:36.006567 [info ] [MainThread]:   dbt_project.yml file [[32mOK found and valid[0m]
[0m17:03:36.011865 [info ] [MainThread]: Required dependencies:
[0m17:03:36.011865 [debug] [MainThread]: Executing "git --help"
[0m17:03:36.117727 [debug] [MainThread]: STDOUT: "b"usage: git [-v | --version] [-h | --help] [-C <path>] [-c <name>=<value>]\n           [--exec-path[=<path>]] [--html-path] [--man-path] [--info-path]\n           [-p | --paginate | -P | --no-pager] [--no-replace-objects] [--no-lazy-fetch]\n           [--no-optional-locks] [--no-advice] [--bare] [--git-dir=<path>]\n           [--work-tree=<path>] [--namespace=<name>] [--config-env=<name>=<envvar>]\n           <command> [<args>]\n\nThese are common Git commands used in various situations:\n\nstart a working area (see also: git help tutorial)\n   clone      Clone a repository into a new directory\n   init       Create an empty Git repository or reinitialize an existing one\n\nwork on the current change (see also: git help everyday)\n   add        Add file contents to the index\n   mv         Move or rename a file, a directory, or a symlink\n   restore    Restore working tree files\n   rm         Remove files from the working tree and from the index\n\nexamine the history and state (see also: git help revisions)\n   bisect     Use binary search to find the commit that introduced a bug\n   diff       Show changes between commits, commit and working tree, etc\n   grep       Print lines matching a pattern\n   log        Show commit logs\n   show       Show various types of objects\n   status     Show the working tree status\n\ngrow, mark and tweak your common history\n   backfill   Download missing objects in a partial clone\n   branch     List, create, or delete branches\n   commit     Record changes to the repository\n   merge      Join two or more development histories together\n   rebase     Reapply commits on top of another base tip\n   reset      Reset current HEAD to the specified state\n   switch     Switch branches\n   tag        Create, list, delete or verify a tag object signed with GPG\n\ncollaborate (see also: git help workflows)\n   fetch      Download objects and refs from another repository\n   pull       Fetch from and integrate with another repository or a local branch\n   push       Update remote refs along with associated objects\n\n'git help -a' and 'git help -g' list available subcommands and some\nconcept guides. See 'git help <command>' or 'git help <concept>'\nto read about a specific subcommand or concept.\nSee 'git help git' for an overview of the system.\n""
[0m17:03:36.119238 [debug] [MainThread]: STDERR: "b''"
[0m17:03:36.119238 [info ] [MainThread]:  - git [[32mOK found[0m]

[0m17:03:36.119238 [info ] [MainThread]: Connection:
[0m17:03:36.119238 [info ] [MainThread]:   host: dbc-9fef5a4d-9b9f.cloud.databricks.com
[0m17:03:36.121246 [info ] [MainThread]:   http_path: /sql/1.0/warehouses/a5219d79b9217c9e
[0m17:03:36.121246 [info ] [MainThread]:   catalog: walmart_db2
[0m17:03:36.121246 [info ] [MainThread]:   schema: dbt_schema
[0m17:03:36.121246 [info ] [MainThread]: Registered adapter: databricks=1.10.9
[0m17:03:36.957172 [debug] [MainThread]: Databricks adapter: DatabricksDBTConnection(session-id=None, name=debug) - Creating connection
[0m17:03:36.957172 [debug] [MainThread]: Acquiring new databricks connection 'debug'
[0m17:03:36.957172 [debug] [MainThread]: Using databricks connection "debug"
[0m17:03:36.957172 [debug] [MainThread]: On debug: select 1 as id
[0m17:03:36.957172 [debug] [MainThread]: Opening a new connection, currently in state init
[0m17:03:38.871448 [error] [MainThread]: databricks-sql-connector adapter: ThriftBackend.attempt_request: Exception: %s
[0m17:03:39.036664 [error] [MainThread]: Databricks adapter: Connection(session-id=Unknown) - Exception while trying to create connection: Error during request to server: : Credential was not sent or was of an unsupported type for this API.. 
Error properties: attempt=1/30, bounded-retry-delay=None, elapsed-seconds=1.2383320331573486/900.0, error-message=: Credential was not sent or was of an unsupported type for this API., http-code=401, method=OpenSession, no-retry-reason=non-retryable error, original-exception=, query-id=None, session-id=None
[0m17:03:39.044309 [debug] [MainThread]: Databricks adapter: Exception while trying to execute query
select 1 as id
: Database Error
  Error during request to server: : Credential was not sent or was of an unsupported type for this API.. 
[0m17:03:39.046804 [debug] [MainThread]: On debug: No close available on handle
[0m17:03:39.049880 [info ] [MainThread]:   Connection test: [[31mERROR[0m]

[0m17:03:39.049880 [info ] [MainThread]: [31m1 check failed:[0m
[0m17:03:39.058303 [info ] [MainThread]: dbt was unable to connect to the specified database.
The database returned the following error:

  >Database Error
  Database Error
    Error during request to server: : Credential was not sent or was of an unsupported type for this API.. 

Check your database credentials and try again. For more information, visit:
https://docs.getdbt.com/docs/configure-your-profile


[0m17:03:39.064804 [info ] [MainThread]: Your new dbt project "dbt_walmart" was created!
Initialized new project in D:\projects\Walmart_Analytics\dbt_walmart\dbt_walmart

For more information on how to configure the profiles.yml file,
please consult the dbt documentation here:

  https://docs.getdbt.com/docs/configure-your-profile

One more thing:

Need help? Don't hesitate to reach out to us via GitHub issues or on Slack:

  https://community.getdbt.com/

Happy modeling!

[0m17:03:39.075284 [info ] [MainThread]: [31mYour profile may need adjustments. You can find the logs of `dbt debug` above[0m
[0m17:03:39.088707 [debug] [MainThread]: Command `dbt init` succeeded at 17:03:39.088707 after 247.62 seconds
[0m17:03:39.090739 [debug] [MainThread]: Flushing usage events
